// Vitest Snapshot v1, https://vitest.dev/guide/snapshot.html

exports[`markdown-it-checkbox > should generate token stream 1`] = `
[
  Token {
    "attrs": null,
    "block": true,
    "children": null,
    "content": "",
    "hidden": false,
    "info": "",
    "level": 0,
    "map": [
      0,
      1,
    ],
    "markup": "",
    "meta": null,
    "nesting": 1,
    "tag": "p",
    "type": "paragraph_open",
  },
  Token {
    "attrs": null,
    "block": true,
    "children": [
      Token {
        "attrs": null,
        "block": false,
        "children": null,
        "content": "paragraph",
        "hidden": false,
        "info": "",
        "level": 0,
        "map": null,
        "markup": "",
        "meta": null,
        "nesting": 0,
        "tag": "",
        "type": "text",
      },
    ],
    "content": "paragraph",
    "hidden": false,
    "info": "",
    "level": 1,
    "map": [
      0,
      1,
    ],
    "markup": "",
    "meta": null,
    "nesting": 0,
    "tag": "",
    "type": "inline",
  },
  Token {
    "attrs": null,
    "block": true,
    "children": null,
    "content": "",
    "hidden": false,
    "info": "",
    "level": 0,
    "map": null,
    "markup": "",
    "meta": null,
    "nesting": -1,
    "tag": "p",
    "type": "paragraph_close",
  },
  Token {
    "attrs": [
      [
        "class",
        "checkbox",
      ],
    ],
    "block": true,
    "children": null,
    "content": "",
    "hidden": false,
    "info": "",
    "level": 0,
    "map": [
      2,
      3,
    ],
    "markup": "",
    "meta": null,
    "nesting": 1,
    "tag": "div",
    "type": "checkbox_open",
  },
  Token {
    "attrs": [
      [
        "type",
        "checkbox",
      ],
      [
        "id",
        "checkbox0",
      ],
      [
        "disabled",
        "",
      ],
    ],
    "block": true,
    "children": null,
    "content": "",
    "hidden": false,
    "info": "",
    "level": 0,
    "map": [
      2,
      3,
    ],
    "markup": "",
    "meta": null,
    "nesting": 0,
    "tag": "input",
    "type": "checkbox_input",
  },
  Token {
    "attrs": [
      [
        "for",
        "checkbox0",
      ],
    ],
    "block": false,
    "children": null,
    "content": "",
    "hidden": false,
    "info": "",
    "level": 0,
    "map": null,
    "markup": "",
    "meta": null,
    "nesting": 1,
    "tag": "label",
    "type": "checkbox_label_open",
  },
  Token {
    "attrs": null,
    "block": false,
    "children": null,
    "content": "checkbox0",
    "hidden": false,
    "info": "",
    "level": 0,
    "map": null,
    "markup": "",
    "meta": null,
    "nesting": 0,
    "tag": "",
    "type": "text",
  },
  Token {
    "attrs": null,
    "block": true,
    "children": null,
    "content": "",
    "hidden": false,
    "info": "",
    "level": 0,
    "map": [
      2,
      3,
    ],
    "markup": "",
    "meta": null,
    "nesting": -1,
    "tag": "label",
    "type": "checkbox_label_close",
  },
  Token {
    "attrs": null,
    "block": true,
    "children": null,
    "content": "",
    "hidden": false,
    "info": "",
    "level": 0,
    "map": [
      2,
      3,
    ],
    "markup": "",
    "meta": null,
    "nesting": -1,
    "tag": "div",
    "type": "checkbox_close",
  },
  Token {
    "attrs": [
      [
        "class",
        "checkbox",
      ],
    ],
    "block": true,
    "children": null,
    "content": "",
    "hidden": false,
    "info": "",
    "level": 0,
    "map": [
      3,
      4,
    ],
    "markup": "",
    "meta": null,
    "nesting": 1,
    "tag": "div",
    "type": "checkbox_open",
  },
  Token {
    "attrs": [
      [
        "type",
        "checkbox",
      ],
      [
        "id",
        "checkbox1",
      ],
      [
        "disabled",
        "",
      ],
      [
        "checked",
        "true",
      ],
    ],
    "block": true,
    "children": null,
    "content": "",
    "hidden": false,
    "info": "",
    "level": 0,
    "map": [
      3,
      4,
    ],
    "markup": "",
    "meta": null,
    "nesting": 0,
    "tag": "input",
    "type": "checkbox_input",
  },
  Token {
    "attrs": [
      [
        "for",
        "checkbox1",
      ],
    ],
    "block": false,
    "children": null,
    "content": "",
    "hidden": false,
    "info": "",
    "level": 0,
    "map": null,
    "markup": "",
    "meta": null,
    "nesting": 1,
    "tag": "label",
    "type": "checkbox_label_open",
  },
  Token {
    "attrs": null,
    "block": false,
    "children": null,
    "content": "checkbox1",
    "hidden": false,
    "info": "",
    "level": 0,
    "map": null,
    "markup": "",
    "meta": null,
    "nesting": 0,
    "tag": "",
    "type": "text",
  },
  Token {
    "attrs": null,
    "block": true,
    "children": null,
    "content": "",
    "hidden": false,
    "info": "",
    "level": 0,
    "map": [
      3,
      4,
    ],
    "markup": "",
    "meta": null,
    "nesting": -1,
    "tag": "label",
    "type": "checkbox_label_close",
  },
  Token {
    "attrs": null,
    "block": true,
    "children": null,
    "content": "",
    "hidden": false,
    "info": "",
    "level": 0,
    "map": [
      3,
      4,
    ],
    "markup": "",
    "meta": null,
    "nesting": -1,
    "tag": "div",
    "type": "checkbox_close",
  },
  Token {
    "attrs": [
      [
        "class",
        "checkbox",
      ],
    ],
    "block": true,
    "children": null,
    "content": "",
    "hidden": false,
    "info": "",
    "level": 0,
    "map": [
      5,
      7,
    ],
    "markup": "",
    "meta": null,
    "nesting": 1,
    "tag": "div",
    "type": "checkbox_open",
  },
  Token {
    "attrs": [
      [
        "type",
        "checkbox",
      ],
      [
        "id",
        "checkbox2",
      ],
      [
        "disabled",
        "",
      ],
    ],
    "block": true,
    "children": null,
    "content": "",
    "hidden": false,
    "info": "",
    "level": 0,
    "map": [
      5,
      7,
    ],
    "markup": "",
    "meta": null,
    "nesting": 0,
    "tag": "input",
    "type": "checkbox_input",
  },
  Token {
    "attrs": [
      [
        "for",
        "checkbox2",
      ],
    ],
    "block": false,
    "children": null,
    "content": "",
    "hidden": false,
    "info": "",
    "level": 0,
    "map": null,
    "markup": "",
    "meta": null,
    "nesting": 1,
    "tag": "label",
    "type": "checkbox_label_open",
  },
  Token {
    "attrs": null,
    "block": false,
    "children": null,
    "content": "long",
    "hidden": false,
    "info": "",
    "level": 0,
    "map": null,
    "markup": "",
    "meta": null,
    "nesting": 0,
    "tag": "",
    "type": "text",
  },
  Token {
    "attrs": null,
    "block": false,
    "children": null,
    "content": "",
    "hidden": false,
    "info": "",
    "level": 0,
    "map": null,
    "markup": "",
    "meta": null,
    "nesting": 0,
    "tag": "br",
    "type": "softbreak",
  },
  Token {
    "attrs": null,
    "block": false,
    "children": null,
    "content": "checkbox2",
    "hidden": false,
    "info": "",
    "level": 0,
    "map": null,
    "markup": "",
    "meta": null,
    "nesting": 0,
    "tag": "",
    "type": "text",
  },
  Token {
    "attrs": null,
    "block": true,
    "children": null,
    "content": "",
    "hidden": false,
    "info": "",
    "level": 0,
    "map": [
      5,
      7,
    ],
    "markup": "",
    "meta": null,
    "nesting": -1,
    "tag": "label",
    "type": "checkbox_label_close",
  },
  Token {
    "attrs": null,
    "block": true,
    "children": null,
    "content": "",
    "hidden": false,
    "info": "",
    "level": 0,
    "map": [
      5,
      7,
    ],
    "markup": "",
    "meta": null,
    "nesting": -1,
    "tag": "div",
    "type": "checkbox_close",
  },
  Token {
    "attrs": [
      [
        "class",
        "checkbox",
      ],
    ],
    "block": true,
    "children": null,
    "content": "",
    "hidden": false,
    "info": "",
    "level": 0,
    "map": [
      7,
      10,
    ],
    "markup": "",
    "meta": null,
    "nesting": 1,
    "tag": "div",
    "type": "checkbox_open",
  },
  Token {
    "attrs": [
      [
        "type",
        "checkbox",
      ],
      [
        "id",
        "checkbox3",
      ],
      [
        "disabled",
        "",
      ],
      [
        "checked",
        "true",
      ],
    ],
    "block": true,
    "children": null,
    "content": "",
    "hidden": false,
    "info": "",
    "level": 0,
    "map": [
      7,
      10,
    ],
    "markup": "",
    "meta": null,
    "nesting": 0,
    "tag": "input",
    "type": "checkbox_input",
  },
  Token {
    "attrs": [
      [
        "for",
        "checkbox3",
      ],
    ],
    "block": false,
    "children": null,
    "content": "",
    "hidden": false,
    "info": "",
    "level": 0,
    "map": null,
    "markup": "",
    "meta": null,
    "nesting": 1,
    "tag": "label",
    "type": "checkbox_label_open",
  },
  Token {
    "attrs": null,
    "block": false,
    "children": null,
    "content": "long",
    "hidden": false,
    "info": "",
    "level": 0,
    "map": null,
    "markup": "",
    "meta": null,
    "nesting": 0,
    "tag": "",
    "type": "text",
  },
  Token {
    "attrs": null,
    "block": false,
    "children": null,
    "content": "",
    "hidden": false,
    "info": "",
    "level": 0,
    "map": null,
    "markup": "",
    "meta": null,
    "nesting": 0,
    "tag": "br",
    "type": "softbreak",
  },
  Token {
    "attrs": null,
    "block": false,
    "children": null,
    "content": "looong",
    "hidden": false,
    "info": "",
    "level": 0,
    "map": null,
    "markup": "",
    "meta": null,
    "nesting": 0,
    "tag": "",
    "type": "text",
  },
  Token {
    "attrs": null,
    "block": false,
    "children": null,
    "content": "",
    "hidden": false,
    "info": "",
    "level": 0,
    "map": null,
    "markup": "",
    "meta": null,
    "nesting": 0,
    "tag": "br",
    "type": "softbreak",
  },
  Token {
    "attrs": null,
    "block": false,
    "children": null,
    "content": "checkbox3",
    "hidden": false,
    "info": "",
    "level": 0,
    "map": null,
    "markup": "",
    "meta": null,
    "nesting": 0,
    "tag": "",
    "type": "text",
  },
  Token {
    "attrs": null,
    "block": true,
    "children": null,
    "content": "",
    "hidden": false,
    "info": "",
    "level": 0,
    "map": [
      7,
      10,
    ],
    "markup": "",
    "meta": null,
    "nesting": -1,
    "tag": "label",
    "type": "checkbox_label_close",
  },
  Token {
    "attrs": null,
    "block": true,
    "children": null,
    "content": "",
    "hidden": false,
    "info": "",
    "level": 0,
    "map": [
      7,
      10,
    ],
    "markup": "",
    "meta": null,
    "nesting": -1,
    "tag": "div",
    "type": "checkbox_close",
  },
]
`;
