// Jest Snapshot v1, https://goo.gl/fbAQLP

exports[`should highlight code 1`] = `
"<pre><code class=\\"hljs ts\\"><span class=\\"hljs-keyword\\">const</span> <span class=\\"hljs-attr\\">x</span>: <span class=\\"hljs-built_in\\">string</span> = <span class=\\"hljs-string\\">&#x27;y&#x27;</span>;
</code></pre>
"
`;
