// Jest Snapshot v1, https://goo.gl/fbAQLP

exports[`Terms Should create term in code with definition template 1`] = `
"<template id=\\":html_template\\" label=\\"html\\"><dfn class=\\"yfm yfm-term_dfn\\" id=\\":html_element\\" role=\\"tooltip\\"><p>The HyperText Markup Language or <strong>HTML</strong> is the standard markup language for documents designed to be displayed in a web browser.</p>
</dfn></template><h1>Web</h1>

    <div class=\\"yfm-clipboard\\">
        <pre><code class=\\"hljs\\"><i class=\\"yfm yfm-term_title\\" term-key=\\":html\\" id=\\"\\">HTML</i>: Lorem
</code></pre>

        <button class=\\"yfm-clipboard-button\\">
            <svg width=\\"16\\" height=\\"16\\" viewBox=\\"0 0 24 24\\" class=\\"yfm-clipboard-icon\\" data-animation=\\"10\\">
                <path fill=\\"currentColor\\" d=\\"M19,21H8V7H19M19,5H8A2,2 0 0,0 6,7V21A2,2 0 0,0 8,23H19A2,2 0 0,0 21,21V7A2,2 0 0,0 19,5M16,1H4A2,2 0 0,0 2,3V17H4V3H16V1Z\\"></path>
                <path stroke=\\"currentColor\\" fill=\\"transparent\\" stroke-width=\\"1.5\\" d=\\"M9.5 13l3 3l5 -5\\" visibility=\\"hidden\\">
                    <animate id=\\"visibileAnimation-10\\" attributeName=\\"visibility\\" from=\\"hidden\\" to=\\"visible\\" dur=\\"0.2s\\" fill=\\"freeze\\" begin></animate>
                    <animate id=\\"hideAnimation-10\\" attributeName=\\"visibility\\" from=\\"visible\\" to=\\"hidden\\" dur=\\"1s\\" begin=\\"visibileAnimation-10.end+1\\" fill=\\"freeze\\"></animate>
                </path>
            </svg>
        </button>
    </div>
"
`;

exports[`Terms Should create term in table with definition template 1`] = `
"<template id=\\":html_template\\" label=\\"html\\"><dfn class=\\"yfm yfm-term_dfn\\" id=\\":html_element\\" role=\\"tooltip\\"><p>The HyperText Markup Language or <strong>HTML</strong> is the standard markup language for documents designed to be displayed in a web browser.</p>
</dfn></template><h1>Web</h1>
<table>
<thead>
<tr>
<th>Language</th>
<th style=\\"text-align:center\\">Initial release</th>
</tr>
</thead>
<tbody>
<tr>
<td><i class=\\"yfm yfm-term_title\\" term-key=\\":html\\" role=\\"term\\" aria-describedby=\\":html_element\\" tabindex=\\"0\\" id=\\"\\">HTML</i></td>
<td style=\\"text-align:center\\">1993</td>
</tr>
</tbody>
</table>
"
`;

exports[`Terms Should create term in text with definition template 1`] = `
"<template id=\\":html_template\\" label=\\"html\\"><dfn class=\\"yfm yfm-term_dfn\\" id=\\":html_element\\" role=\\"tooltip\\"><p>The HyperText Markup Language or <strong>HTML</strong> is the standard markup language for documents designed to be displayed in a web browser.</p>
</dfn></template><h1>Web</h1>
<p>The <i class=\\"yfm yfm-term_title\\" term-key=\\":html\\" role=\\"term\\" aria-describedby=\\":html_element\\" tabindex=\\"0\\" id=\\"\\">HTML</i> specification</p>
"
`;

exports[`Terms Term should use content from include 1`] = `
"<template id=\\":html_template\\" label=\\"html\\"><dfn class=\\"yfm yfm-term_dfn\\" id=\\":html_element\\" role=\\"tooltip\\"><p>The HyperText Markup Language or <strong>HTML</strong> is the standard markup language for documents designed to be displayed in a web browser.</p>
</dfn></template><h1>Web</h1>
<p>The <i class=\\"yfm yfm-term_title\\" term-key=\\":html\\" role=\\"term\\" aria-describedby=\\":html_element\\" tabindex=\\"0\\" id=\\"\\">HTML</i> specification</p>
"
`;
